Stylist v%A% @ PHP %A%

Scanning the following paths:
 - foo

.EEEE.


1 issue found in foo/b
    5     Error

2 issues found in foo/c
    4     Error 1
   12     Error 2

3 issues found in foo/d
    3  âˆš  Error 3
   14     Error 1
   29  x  Error 2

    -     Some of the fixes could not be applied because of conflicting changes.

0 issues found in foo/e
 ERROR    Could not check further due to uncaught LogicException: Serious error during file check!


Checked 6 files in 0.5 seconds.
Finished with issues.
